...found 11 targets...
...updating 10 targets...
gcc.compile.c++ bin.v2/libs/config/checks/architecture/gcc-14/debug/threading-multi/visibility-hidden/32.o
libs/config/checks/architecture/32.cpp:9:36: 错误：narrowing conversion of ‘-1’ from ‘int’ to ‘long unsigned int’ [-Wnarrowing]
    9 | int test[sizeof(void*) == 4? 1 : -1];
      |                                    ^
libs/config/checks/architecture/32.cpp:9:28: 错误：size ‘-1’ of array ‘test’ is negative
    9 | int test[sizeof(void*) == 4? 1 : -1];
      |          ~~~~~~~~~~~~~~~~~~^~~~~~~~

    "g++"   -fvisibility-inlines-hidden -pthread -O0 -fno-inline -Wall -g -fvisibility=hidden  -DBOOST_ALL_NO_LIB=1 -DBOOST_COBALT_USE_STD_PMR=1   -I"."  -c -o "bin.v2/libs/config/checks/architecture/gcc-14/debug/threading-multi/visibility-hidden/32.o" "libs/config/checks/architecture/32.cpp"

...failed gcc.compile.c++ bin.v2/libs/config/checks/architecture/gcc-14/debug/threading-multi/visibility-hidden/32.o...

...updated 9 targets...

...failed updating 1 target...
   gcc.compile.c++ bin.v2/libs/config/checks/architecture/gcc-14/debug/threading-multi/visibility-hidden/32.o
...found 2 targets...
...updating 1 target...
gcc.compile.c++ bin.v2/libs/config/checks/architecture/gcc-14/debug/threading-multi/visibility-hidden/64.o

...updated 1 target...
...found 2 targets...
...updating 1 target...
gcc.compile.c++ bin.v2/libs/config/checks/architecture/gcc-14/debug/threading-multi/visibility-hidden/arm.o
libs/config/checks/architecture/arm.cpp:13:2: 错误：#error "Not ARM"
   13 | #error "Not ARM"
      |  ^~~~~

    "g++"   -fvisibility-inlines-hidden -pthread -O0 -fno-inline -Wall -g -fvisibility=hidden  -DBOOST_ALL_NO_LIB=1 -DBOOST_COBALT_USE_STD_PMR=1   -I"."  -c -o "bin.v2/libs/config/checks/architecture/gcc-14/debug/threading-multi/visibility-hidden/arm.o" "libs/config/checks/architecture/arm.cpp"

...failed gcc.compile.c++ bin.v2/libs/config/checks/architecture/gcc-14/debug/threading-multi/visibility-hidden/arm.o...

...failed updating 1 target...
   gcc.compile.c++ bin.v2/libs/config/checks/architecture/gcc-14/debug/threading-multi/visibility-hidden/arm.o
...found 2 targets...
...updating 1 target...
gcc.compile.c++ bin.v2/libs/config/checks/architecture/gcc-14/debug/threading-multi/visibility-hidden/loongarch.o
libs/config/checks/architecture/loongarch.cpp:10:2: 错误：#error "Not LoongArch"
   10 | #error "Not LoongArch"
      |  ^~~~~

    "g++"   -fvisibility-inlines-hidden -pthread -O0 -fno-inline -Wall -g -fvisibility=hidden  -DBOOST_ALL_NO_LIB=1 -DBOOST_COBALT_USE_STD_PMR=1   -I"."  -c -o "bin.v2/libs/config/checks/architecture/gcc-14/debug/threading-multi/visibility-hidden/loongarch.o" "libs/config/checks/architecture/loongarch.cpp"

...failed gcc.compile.c++ bin.v2/libs/config/checks/architecture/gcc-14/debug/threading-multi/visibility-hidden/loongarch.o...

...failed updating 1 target...
   gcc.compile.c++ bin.v2/libs/config/checks/architecture/gcc-14/debug/threading-multi/visibility-hidden/loongarch.o
...found 2 targets...
...updating 1 target...
gcc.compile.c++ bin.v2/libs/config/checks/architecture/gcc-14/debug/threading-multi/visibility-hidden/mips.o
libs/config/checks/architecture/mips.cpp:10:2: 错误：#error "Not MIPS"
   10 | #error "Not MIPS"
      |  ^~~~~

    "g++"   -fvisibility-inlines-hidden -pthread -O0 -fno-inline -Wall -g -fvisibility=hidden  -DBOOST_ALL_NO_LIB=1 -DBOOST_COBALT_USE_STD_PMR=1   -I"."  -c -o "bin.v2/libs/config/checks/architecture/gcc-14/debug/threading-multi/visibility-hidden/mips.o" "libs/config/checks/architecture/mips.cpp"

...failed gcc.compile.c++ bin.v2/libs/config/checks/architecture/gcc-14/debug/threading-multi/visibility-hidden/mips.o...

...failed updating 1 target...
   gcc.compile.c++ bin.v2/libs/config/checks/architecture/gcc-14/debug/threading-multi/visibility-hidden/mips.o
...found 2 targets...
...updating 1 target...
gcc.compile.c++ bin.v2/libs/config/checks/architecture/gcc-14/debug/threading-multi/visibility-hidden/power.o
libs/config/checks/architecture/power.cpp:13:2: 错误：#error "Not PPC"
   13 | #error "Not PPC"
      |  ^~~~~

    "g++"   -fvisibility-inlines-hidden -pthread -O0 -fno-inline -Wall -g -fvisibility=hidden  -DBOOST_ALL_NO_LIB=1 -DBOOST_COBALT_USE_STD_PMR=1   -I"."  -c -o "bin.v2/libs/config/checks/architecture/gcc-14/debug/threading-multi/visibility-hidden/power.o" "libs/config/checks/architecture/power.cpp"

...failed gcc.compile.c++ bin.v2/libs/config/checks/architecture/gcc-14/debug/threading-multi/visibility-hidden/power.o...

...failed updating 1 target...
   gcc.compile.c++ bin.v2/libs/config/checks/architecture/gcc-14/debug/threading-multi/visibility-hidden/power.o
...found 2 targets...
...updating 1 target...
gcc.compile.c++ bin.v2/libs/config/checks/architecture/gcc-14/debug/threading-multi/visibility-hidden/riscv.o
libs/config/checks/architecture/riscv.cpp:9:2: 错误：#error "Not RISC-V"
    9 | #error "Not RISC-V"
      |  ^~~~~

    "g++"   -fvisibility-inlines-hidden -pthread -O0 -fno-inline -Wall -g -fvisibility=hidden  -DBOOST_ALL_NO_LIB=1 -DBOOST_COBALT_USE_STD_PMR=1   -I"."  -c -o "bin.v2/libs/config/checks/architecture/gcc-14/debug/threading-multi/visibility-hidden/riscv.o" "libs/config/checks/architecture/riscv.cpp"

...failed gcc.compile.c++ bin.v2/libs/config/checks/architecture/gcc-14/debug/threading-multi/visibility-hidden/riscv.o...

...failed updating 1 target...
   gcc.compile.c++ bin.v2/libs/config/checks/architecture/gcc-14/debug/threading-multi/visibility-hidden/riscv.o
...found 2 targets...
...updating 1 target...
gcc.compile.c++ bin.v2/libs/config/checks/architecture/gcc-14/debug/threading-multi/visibility-hidden/s390x.o
libs/config/checks/architecture/s390x.cpp:10:2: 错误：#error "Not S390x"
   10 | #error "Not S390x"
      |  ^~~~~

    "g++"   -fvisibility-inlines-hidden -pthread -O0 -fno-inline -Wall -g -fvisibility=hidden  -DBOOST_ALL_NO_LIB=1 -DBOOST_COBALT_USE_STD_PMR=1   -I"."  -c -o "bin.v2/libs/config/checks/architecture/gcc-14/debug/threading-multi/visibility-hidden/s390x.o" "libs/config/checks/architecture/s390x.cpp"

...failed gcc.compile.c++ bin.v2/libs/config/checks/architecture/gcc-14/debug/threading-multi/visibility-hidden/s390x.o...

...failed updating 1 target...
   gcc.compile.c++ bin.v2/libs/config/checks/architecture/gcc-14/debug/threading-multi/visibility-hidden/s390x.o
...found 2 targets...
...updating 1 target...
gcc.compile.c++ bin.v2/libs/config/checks/architecture/gcc-14/debug/threading-multi/visibility-hidden/sparc.o
libs/config/checks/architecture/sparc.cpp:10:2: 错误：#error "Not SPARC"
   10 | #error "Not SPARC"
      |  ^~~~~

    "g++"   -fvisibility-inlines-hidden -pthread -O0 -fno-inline -Wall -g -fvisibility=hidden  -DBOOST_ALL_NO_LIB=1 -DBOOST_COBALT_USE_STD_PMR=1   -I"."  -c -o "bin.v2/libs/config/checks/architecture/gcc-14/debug/threading-multi/visibility-hidden/sparc.o" "libs/config/checks/architecture/sparc.cpp"

...failed gcc.compile.c++ bin.v2/libs/config/checks/architecture/gcc-14/debug/threading-multi/visibility-hidden/sparc.o...

...failed updating 1 target...
   gcc.compile.c++ bin.v2/libs/config/checks/architecture/gcc-14/debug/threading-multi/visibility-hidden/sparc.o
...found 2 targets...
...updating 1 target...
gcc.compile.c++ bin.v2/libs/config/checks/architecture/gcc-14/debug/threading-multi/visibility-hidden/x86.o

...updated 1 target...
...found 10 targets...
...updating 8 targets...
gcc.compile.c++ bin.v2/libs/filesystem/config/gcc-14/release/link-static/threading-multi/visibility-hidden/has_cxx20_atomic_ref.o
libs/filesystem/config/has_cxx20_atomic_ref.cpp: 在函数‘int main()’中:
libs/filesystem/config/has_cxx20_atomic_ref.cpp:15:10: 错误：‘atomic_ref’不是‘std’的成员
   15 |     std::atomic_ref< func_t* > ref(func);
      |          ^~~~~~~~~~
libs/filesystem/config/has_cxx20_atomic_ref.cpp:15:10: 附注：‘std::atomic_ref’ is only available from C++20 onwards
libs/filesystem/config/has_cxx20_atomic_ref.cpp:15:28: 错误：expected primary-expression before ‘*’ token
   15 |     std::atomic_ref< func_t* > ref(func);
      |                            ^
libs/filesystem/config/has_cxx20_atomic_ref.cpp:15:30: 错误：expected primary-expression before ‘>’ token
   15 |     std::atomic_ref< func_t* > ref(func);
      |                              ^
libs/filesystem/config/has_cxx20_atomic_ref.cpp:15:32: 错误：‘ref’在此作用域中尚未声明
   15 |     std::atomic_ref< func_t* > ref(func);
      |                                ^~~

    "g++"   -fvisibility-inlines-hidden -m64 -pthread -O3 -finline-functions -Wno-inline -Wall -fvisibility=hidden  -DBOOST_ALL_NO_LIB=1 -DBOOST_COBALT_USE_STD_PMR=1 -DNDEBUG   -I"." -I"libs/filesystem/src"  -c -o "bin.v2/libs/filesystem/config/gcc-14/release/link-static/threading-multi/visibility-hidden/has_cxx20_atomic_ref.o" "libs/filesystem/config/has_cxx20_atomic_ref.cpp"

...failed gcc.compile.c++ bin.v2/libs/filesystem/config/gcc-14/release/link-static/threading-multi/visibility-hidden/has_cxx20_atomic_ref.o...

...updated 7 targets...

...failed updating 1 target...
   gcc.compile.c++ bin.v2/libs/filesystem/config/gcc-14/release/link-static/threading-multi/visibility-hidden/has_cxx20_atomic_ref.o
...patience...
...found 138 targets...
...updating 1 target...
gcc.compile.c++ bin.v2/libs/filesystem/config/gcc-14/release/link-static/threading-multi/visibility-hidden/has_statx.o
libs/filesystem/config/has_statx.cpp: 在函数‘int main()’中:
libs/filesystem/config/has_statx.cpp:17:18: 错误：聚合‘main()::statx st’类型不完全，无法被定义
   17 |     struct statx st;
      |                  ^~
libs/filesystem/config/has_statx.cpp:18:58: 错误：‘AT_NO_AUTOMOUNT’在此作用域中尚未声明
   18 |     int res = statx(AT_FDCWD, ".", AT_SYMLINK_NOFOLLOW | AT_NO_AUTOMOUNT, STATX_BTIME, &st);
      |                                                          ^~~~~~~~~~~~~~~
libs/filesystem/config/has_statx.cpp:18:75: 错误：‘STATX_BTIME’在此作用域中尚未声明
   18 |     int res = statx(AT_FDCWD, ".", AT_SYMLINK_NOFOLLOW | AT_NO_AUTOMOUNT, STATX_BTIME, &st);
      |                                                                           ^~~~~~~~~~~
libs/filesystem/config/has_statx.cpp:18:91: 错误：对不完全的类型‘struct main()::statx’的非法使用
   18 |     int res = statx(AT_FDCWD, ".", AT_SYMLINK_NOFOLLOW | AT_NO_AUTOMOUNT, STATX_BTIME, &st);
      |                                                                                           ^
libs/filesystem/config/has_statx.cpp:17:12: 附注：forward declaration of ‘struct main()::statx’
   17 |     struct statx st;
      |            ^~~~~
libs/filesystem/config/has_statx.cpp:18:9: 警告：未使用的变量‘res’ [-Wunused-variable]
   18 |     int res = statx(AT_FDCWD, ".", AT_SYMLINK_NOFOLLOW | AT_NO_AUTOMOUNT, STATX_BTIME, &st);
      |         ^~~

    "g++"   -fvisibility-inlines-hidden -m64 -pthread -O3 -finline-functions -Wno-inline -Wall -fvisibility=hidden  -DBOOST_ALL_NO_LIB=1 -DBOOST_COBALT_USE_STD_PMR=1 -DNDEBUG   -I"." -I"libs/filesystem/src"  -c -o "bin.v2/libs/filesystem/config/gcc-14/release/link-static/threading-multi/visibility-hidden/has_statx.o" "libs/filesystem/config/has_statx.cpp"

...failed gcc.compile.c++ bin.v2/libs/filesystem/config/gcc-14/release/link-static/threading-multi/visibility-hidden/has_statx.o...

...failed updating 1 target...
   gcc.compile.c++ bin.v2/libs/filesystem/config/gcc-14/release/link-static/threading-multi/visibility-hidden/has_statx.o
...found 4 targets...
...updating 1 target...
gcc.compile.c++ bin.v2/libs/filesystem/config/gcc-14/release/link-static/threading-multi/visibility-hidden/has_statx_syscall.o
libs/filesystem/config/has_statx_syscall.cpp:10:10: 致命错误：sys/syscall.h：No such file or directory
   10 | #include <sys/syscall.h>
      |          ^~~~~~~~~~~~~~~
编译中断。

    "g++"   -fvisibility-inlines-hidden -m64 -pthread -O3 -finline-functions -Wno-inline -Wall -fvisibility=hidden  -DBOOST_ALL_NO_LIB=1 -DBOOST_COBALT_USE_STD_PMR=1 -DNDEBUG   -I"." -I"libs/filesystem/src"  -c -o "bin.v2/libs/filesystem/config/gcc-14/release/link-static/threading-multi/visibility-hidden/has_statx_syscall.o" "libs/filesystem/config/has_statx_syscall.cpp"

...failed gcc.compile.c++ bin.v2/libs/filesystem/config/gcc-14/release/link-static/threading-multi/visibility-hidden/has_statx_syscall.o...

...failed updating 1 target...
   gcc.compile.c++ bin.v2/libs/filesystem/config/gcc-14/release/link-static/threading-multi/visibility-hidden/has_statx_syscall.o
...found 14 targets...
...updating 5 targets...
gcc.compile.c++ bin.v2/libs/filesystem/config/gcc-14/release/link-static/threading-multi/visibility-hidden/has_bcrypt.o
libs/filesystem/config/has_bcrypt.cpp: 在函数‘int main()’中:
libs/filesystem/config/has_bcrypt.cpp:31:30: 警告：变量‘status’被设定但未被使用 [-Wunused-but-set-variable]
   31 |     boost::winapi::NTSTATUS_ status = boost::winapi::BCryptOpenAlgorithmProvider(&handle, boost::winapi::BCRYPT_RNG_ALGORITHM_, NULL, 0);
      |                              ^~~~~~
gcc.link bin.v2/libs/filesystem/config/gcc-14/release/link-static/runtime-link-static/threading-multi/visibility-hidden/has_bcrypt.exe

...updated 5 targets...
...found 2 targets...
...updating 1 target...
gcc.compile.c++ bin.v2/libs/filesystem/config/gcc-14/release/link-static/threading-multi/visibility-hidden/has_attribute_init_priority.o

...updated 1 target...
...found 2 targets...
...updating 1 target...
gcc.compile.c++ bin.v2/libs/filesystem/config/gcc-14/release/link-static/threading-multi/visibility-hidden/has_stat_st_mtim.o
libs/filesystem/config/has_stat_st_mtim.cpp: 在函数‘int main()’中:
libs/filesystem/config/has_stat_st_mtim.cpp:16:17: 警告：变量‘st’被设定但未被使用 [-Wunused-but-set-variable]
   16 |     struct stat st;
      |                 ^~

...updated 1 target...
...found 2 targets...
...updating 1 target...
gcc.compile.c++ bin.v2/libs/filesystem/config/gcc-14/release/link-static/threading-multi/visibility-hidden/has_stat_st_mtimensec.o
libs/filesystem/config/has_stat_st_mtimensec.cpp: 在函数‘int main()’中:
libs/filesystem/config/has_stat_st_mtimensec.cpp:17:8: 错误：‘struct stat’ has no member named ‘st_mtimensec’
   17 |     st.st_mtimensec = 10;
      |        ^~~~~~~~~~~~

    "g++"   -fvisibility-inlines-hidden -m64 -pthread -O3 -finline-functions -Wno-inline -Wall -fvisibility=hidden  -DBOOST_ALL_NO_LIB=1 -DBOOST_COBALT_USE_STD_PMR=1 -DNDEBUG   -I"." -I"libs/filesystem/src"  -c -o "bin.v2/libs/filesystem/config/gcc-14/release/link-static/threading-multi/visibility-hidden/has_stat_st_mtimensec.o" "libs/filesystem/config/has_stat_st_mtimensec.cpp"

...failed gcc.compile.c++ bin.v2/libs/filesystem/config/gcc-14/release/link-static/threading-multi/visibility-hidden/has_stat_st_mtimensec.o...

...failed updating 1 target...
   gcc.compile.c++ bin.v2/libs/filesystem/config/gcc-14/release/link-static/threading-multi/visibility-hidden/has_stat_st_mtimensec.o
...found 2 targets...
...updating 1 target...
gcc.compile.c++ bin.v2/libs/filesystem/config/gcc-14/release/link-static/threading-multi/visibility-hidden/has_stat_st_mtimespec.o
libs/filesystem/config/has_stat_st_mtimespec.cpp: 在函数‘int main()’中:
libs/filesystem/config/has_stat_st_mtimespec.cpp:17:8: 错误：‘struct stat’ has no member named ‘st_mtimespec’
   17 |     st.st_mtimespec.tv_nsec = 10;
      |        ^~~~~~~~~~~~

    "g++"   -fvisibility-inlines-hidden -m64 -pthread -O3 -finline-functions -Wno-inline -Wall -fvisibility=hidden  -DBOOST_ALL_NO_LIB=1 -DBOOST_COBALT_USE_STD_PMR=1 -DNDEBUG   -I"." -I"libs/filesystem/src"  -c -o "bin.v2/libs/filesystem/config/gcc-14/release/link-static/threading-multi/visibility-hidden/has_stat_st_mtimespec.o" "libs/filesystem/config/has_stat_st_mtimespec.cpp"

...failed gcc.compile.c++ bin.v2/libs/filesystem/config/gcc-14/release/link-static/threading-multi/visibility-hidden/has_stat_st_mtimespec.o...

...failed updating 1 target...
   gcc.compile.c++ bin.v2/libs/filesystem/config/gcc-14/release/link-static/threading-multi/visibility-hidden/has_stat_st_mtimespec.o
...found 2 targets...
...updating 1 target...
gcc.compile.c++ bin.v2/libs/filesystem/config/gcc-14/release/link-static/threading-multi/visibility-hidden/has_stat_st_birthtim.o
libs/filesystem/config/has_stat_st_birthtim.cpp: 在函数‘int main()’中:
libs/filesystem/config/has_stat_st_birthtim.cpp:16:17: 警告：变量‘st’被设定但未被使用 [-Wunused-but-set-variable]
   16 |     struct stat st;
      |                 ^~

...updated 1 target...
...found 2 targets...
...updating 1 target...
gcc.compile.c++ bin.v2/libs/filesystem/config/gcc-14/release/link-static/threading-multi/visibility-hidden/has_stat_st_birthtimensec.o
libs/filesystem/config/has_stat_st_birthtimensec.cpp: 在函数‘int main()’中:
libs/filesystem/config/has_stat_st_birthtimensec.cpp:18:8: 错误：‘struct stat’ has no member named ‘st_birthtimensec’; did you mean ‘st_birthtim’?
   18 |     st.st_birthtimensec = 10;
      |        ^~~~~~~~~~~~~~~~
      |        st_birthtim

    "g++"   -fvisibility-inlines-hidden -m64 -pthread -O3 -finline-functions -Wno-inline -Wall -fvisibility=hidden  -DBOOST_ALL_NO_LIB=1 -DBOOST_COBALT_USE_STD_PMR=1 -DNDEBUG   -I"." -I"libs/filesystem/src"  -c -o "bin.v2/libs/filesystem/config/gcc-14/release/link-static/threading-multi/visibility-hidden/has_stat_st_birthtimensec.o" "libs/filesystem/config/has_stat_st_birthtimensec.cpp"

...failed gcc.compile.c++ bin.v2/libs/filesystem/config/gcc-14/release/link-static/threading-multi/visibility-hidden/has_stat_st_birthtimensec.o...

...failed updating 1 target...
   gcc.compile.c++ bin.v2/libs/filesystem/config/gcc-14/release/link-static/threading-multi/visibility-hidden/has_stat_st_birthtimensec.o
...found 2 targets...
...updating 1 target...
gcc.compile.c++ bin.v2/libs/filesystem/config/gcc-14/release/link-static/threading-multi/visibility-hidden/has_stat_st_birthtimespec.o
libs/filesystem/config/has_stat_st_birthtimespec.cpp: 在函数‘int main()’中:
libs/filesystem/config/has_stat_st_birthtimespec.cpp:17:8: 错误：‘struct stat’ has no member named ‘st_birthtimespec’; did you mean ‘st_birthtim’?
   17 |     st.st_birthtimespec.tv_sec = 1;
      |        ^~~~~~~~~~~~~~~~
      |        st_birthtim
libs/filesystem/config/has_stat_st_birthtimespec.cpp:18:8: 错误：‘struct stat’ has no member named ‘st_birthtimespec’; did you mean ‘st_birthtim’?
   18 |     st.st_birthtimespec.tv_nsec = 10;
      |        ^~~~~~~~~~~~~~~~
      |        st_birthtim

    "g++"   -fvisibility-inlines-hidden -m64 -pthread -O3 -finline-functions -Wno-inline -Wall -fvisibility=hidden  -DBOOST_ALL_NO_LIB=1 -DBOOST_COBALT_USE_STD_PMR=1 -DNDEBUG   -I"." -I"libs/filesystem/src"  -c -o "bin.v2/libs/filesystem/config/gcc-14/release/link-static/threading-multi/visibility-hidden/has_stat_st_birthtimespec.o" "libs/filesystem/config/has_stat_st_birthtimespec.cpp"

...failed gcc.compile.c++ bin.v2/libs/filesystem/config/gcc-14/release/link-static/threading-multi/visibility-hidden/has_stat_st_birthtimespec.o...

...failed updating 1 target...
   gcc.compile.c++ bin.v2/libs/filesystem/config/gcc-14/release/link-static/threading-multi/visibility-hidden/has_stat_st_birthtimespec.o
...found 3 targets...
...updating 1 target...
gcc.compile.c++ bin.v2/libs/filesystem/config/gcc-14/release/link-static/threading-multi/visibility-hidden/has_fdopendir_nofollow.o

...updated 1 target...
...found 2 targets...
...updating 1 target...
gcc.compile.c++ bin.v2/libs/filesystem/config/gcc-14/release/link-static/threading-multi/visibility-hidden/has_dirent_d_type.o

...updated 1 target...
...found 3 targets...
...updating 1 target...
gcc.compile.c++ bin.v2/libs/filesystem/config/gcc-14/release/link-static/threading-multi/visibility-hidden/has_posix_at_apis.o
libs/filesystem/config/has_posix_at_apis.cpp: 在函数‘int main()’中:
libs/filesystem/config/has_posix_at_apis.cpp:25:35: 错误：‘AT_NO_AUTOMOUNT’在此作用域中尚未声明
   25 |     res |= fstatat(fd1, "y", &st, AT_NO_AUTOMOUNT | AT_SYMLINK_NOFOLLOW);
      |                                   ^~~~~~~~~~~~~~~

    "g++"   -fvisibility-inlines-hidden -m64 -pthread -O3 -finline-functions -Wno-inline -Wall -fvisibility=hidden  -DBOOST_ALL_NO_LIB=1 -DBOOST_COBALT_USE_STD_PMR=1 -DNDEBUG   -I"." -I"libs/filesystem/src"  -c -o "bin.v2/libs/filesystem/config/gcc-14/release/link-static/threading-multi/visibility-hidden/has_posix_at_apis.o" "libs/filesystem/config/has_posix_at_apis.cpp"

...failed gcc.compile.c++ bin.v2/libs/filesystem/config/gcc-14/release/link-static/threading-multi/visibility-hidden/has_posix_at_apis.o...

...failed updating 1 target...
   gcc.compile.c++ bin.v2/libs/filesystem/config/gcc-14/release/link-static/threading-multi/visibility-hidden/has_posix_at_apis.o
...found 2 targets...
...updating 1 target...
gcc.compile.c++ bin.v2/libs/filesystem/config/gcc-14/release/link-static/threading-multi/visibility-hidden/has_fallocate.o
libs/filesystem/config/has_fallocate.cpp: 在函数‘int main()’中:
libs/filesystem/config/has_fallocate.cpp:17:29: 错误：‘FALLOC_FL_KEEP_SIZE’在此作用域中尚未声明
   17 |     int err = fallocate(fd, FALLOC_FL_KEEP_SIZE, 0, 4096);
      |                             ^~~~~~~~~~~~~~~~~~~
libs/filesystem/config/has_fallocate.cpp:17:15: 错误：‘fallocate’在此作用域中尚未声明
   17 |     int err = fallocate(fd, FALLOC_FL_KEEP_SIZE, 0, 4096);
      |               ^~~~~~~~~

    "g++"   -fvisibility-inlines-hidden -m64 -pthread -O3 -finline-functions -Wno-inline -Wall -fvisibility=hidden  -DBOOST_ALL_NO_LIB=1 -DBOOST_COBALT_USE_STD_PMR=1 -DNDEBUG   -I"." -I"libs/filesystem/src"  -c -o "bin.v2/libs/filesystem/config/gcc-14/release/link-static/threading-multi/visibility-hidden/has_fallocate.o" "libs/filesystem/config/has_fallocate.cpp"

...failed gcc.compile.c++ bin.v2/libs/filesystem/config/gcc-14/release/link-static/threading-multi/visibility-hidden/has_fallocate.o...

...failed updating 1 target...
   gcc.compile.c++ bin.v2/libs/filesystem/config/gcc-14/release/link-static/threading-multi/visibility-hidden/has_fallocate.o
...found 10 targets...
...updating 8 targets...
gcc.compile.c++ bin.v2/libs/atomic/config/gcc-14/release/link-static/threading-multi/visibility-hidden/has_sse2.o

...updated 8 targets...
...found 3 targets...
...updating 1 target...
gcc.compile.c++ bin.v2/libs/atomic/config/gcc-14/release/link-static/threading-multi/visibility-hidden/has_sse41.o

...updated 1 target...
...found 108 targets...
...updating 6 targets...
gcc.compile.c++ bin.v2/libs/config/checks/gcc-14/release/link-static/threading-multi/visibility-hidden/cxx11_static_assert.o

...updated 6 targets...
...found 1 target...
...updating 1 target...
gcc.compile.c++ bin.v2/libs/config/checks/gcc-14/release/link-static/threading-multi/visibility-hidden/cxx11_rvalue_references.o

...updated 1 target...
...found 1 target...
...updating 1 target...
gcc.compile.c++ bin.v2/libs/config/checks/gcc-14/release/link-static/threading-multi/visibility-hidden/cxx11_scoped_enums.o

...updated 1 target...
...found 1 target...
...updating 1 target...
gcc.compile.c++ bin.v2/libs/config/checks/gcc-14/release/link-static/threading-multi/visibility-hidden/cxx11_noexcept.o

...updated 1 target...
...found 1 target...
...updating 1 target...
gcc.compile.c++ bin.v2/libs/config/checks/gcc-14/release/link-static/threading-multi/visibility-hidden/cxx11_nullptr.o

...updated 1 target...
...found 1 target...
...updating 1 target...
gcc.compile.c++ bin.v2/libs/config/checks/gcc-14/release/link-static/threading-multi/visibility-hidden/cxx11_defaulted_functions.o

...updated 1 target...
...found 1 target...
...updating 1 target...
gcc.compile.c++ bin.v2/libs/config/checks/gcc-14/release/link-static/threading-multi/visibility-hidden/cxx11_defaulted_moves.o

...updated 1 target...
...found 1 target...
...updating 1 target...
gcc.compile.c++ bin.v2/libs/config/checks/gcc-14/release/link-static/threading-multi/visibility-hidden/cxx11_deleted_functions.o

...updated 1 target...
...found 1 target...
...updating 1 target...
gcc.compile.c++ bin.v2/libs/config/checks/gcc-14/release/link-static/threading-multi/visibility-hidden/cxx11_function_template_default_args.o

...updated 1 target...
...found 1 target...
...updating 1 target...
gcc.compile.c++ bin.v2/libs/config/checks/gcc-14/release/link-static/threading-multi/visibility-hidden/cxx11_final.o

...updated 1 target...
...found 1 target...
...updating 1 target...
gcc.compile.c++ bin.v2/libs/config/checks/gcc-14/release/link-static/threading-multi/visibility-hidden/cxx11_override.o

...updated 1 target...
...found 242 targets...
...updating 10 targets...
gcc.compile.c++ bin.v2/libs/regex/build/gcc-14/release/link-static/runtime-link-static/threading-multi/visibility-hidden/has_icu_test.o
gcc.link bin.v2/libs/regex/build/gcc-14/release/link-static/runtime-link-static/threading-multi/visibility-hidden/has_icu.exe
/usr/lib/gcc/x86_64-pc-cygwin/14/../../../../x86_64-pc-cygwin/bin/ld: 找不到 -lsicudata: No such file or directory
/usr/lib/gcc/x86_64-pc-cygwin/14/../../../../x86_64-pc-cygwin/bin/ld: have you installed the static version of the sicudata library ?
/usr/lib/gcc/x86_64-pc-cygwin/14/../../../../x86_64-pc-cygwin/bin/ld: 找不到 -lsicui18n: No such file or directory
/usr/lib/gcc/x86_64-pc-cygwin/14/../../../../x86_64-pc-cygwin/bin/ld: have you installed the static version of the sicui18n library ?
/usr/lib/gcc/x86_64-pc-cygwin/14/../../../../x86_64-pc-cygwin/bin/ld: 找不到 -lsicuuc: No such file or directory
/usr/lib/gcc/x86_64-pc-cygwin/14/../../../../x86_64-pc-cygwin/bin/ld: have you installed the static version of the sicuuc library ?
collect2: 错误：ld 返回 1

    "g++" -L"/usr/bin" -L"/usr/lib" -Wl,-rpath -Wl,"/usr/bin" -Wl,-rpath -Wl,"/usr/lib" -Wl,-rpath-link -Wl,"/usr/bin" -Wl,-rpath-link -Wl,"/usr/lib" -o "bin.v2/libs/regex/build/gcc-14/release/link-static/runtime-link-static/threading-multi/visibility-hidden/has_icu.exe" -Wl,--start-group "bin.v2/libs/regex/build/gcc-14/release/link-static/runtime-link-static/threading-multi/visibility-hidden/has_icu_test.o"   -lsicudata -lsicui18n -lsicuuc   -Wl,--end-group -m64 -pthread -fvisibility=hidden -fvisibility-inlines-hidden -static 

...failed gcc.link bin.v2/libs/regex/build/gcc-14/release/link-static/runtime-link-static/threading-multi/visibility-hidden/has_icu.exe...

...updated 9 targets...

...failed updating 1 target...
   gcc.link bin.v2/libs/regex/build/gcc-14/release/link-static/runtime-link-static/threading-multi/visibility-hidden/has_icu.exe
...found 1 target...
...updating 1 target...
config-cache.write bin.v2/project-cache.jam

...updated 1 target...
